[System] Loading CLIP model, please wait...
Warning: You are sending unauthenticated requests to the HF Hub. Please set a HF_TOKEN to enable higher rate limits and faster downloads.
/usr/local/lib/python3.10/dist-packages/torch/nn/modules/transformer.py:392: UserWarning: enable_nested_tensor is True, but self.use_nested_tensor is False because encoder_layer.norm_first was True
  warnings.warn(
[ActiveBranches] {"ablation_only": {"bilinear_layers": 0, "visual_hard_negative": false}, "architecture": {"deformable_router": true, "edge_layers": 2, "explicit_spoa": true, "geom_bias": true, "geom_fourier_scale": 1.0, "geom_input_pixel_space": true, "node_layers": 2, "one_stage_facade": false, "open_vocab_predicate_primary": false, "predicate_classifier": true, "relationness_head": true, "retrieval_index": false, "text_conditioned_projection": true, "vector_fusion_gate": true}, "objective": "full", "pure_next_pillars": {"counterfactual_spoa": true, "dense_grounding": true, "predce_logit_adjusted": true}, "regularizers": {"gate_regularizer": true, "lattice_negatives": true, "pair_balanced_topk": false, "pair_topk_surrogate": false, "predicate_counterfactual": true, "predicate_group_relaxation": false, "predicate_label_relaxation": true, "relationness": true, "role_swap_rank": false, "tail_logit_adjustment": false, "text_predicate_ce": true}, "scaling_layers": {"adaptive_calibration": true, "adaptive_prior": true, "adaptive_prior_gate_max": 1.0, "adaptive_prior_gate_min": 0.0, "bayes_calibration_weight": 0.0, "bias_residual": true, "freeze_non_relationness": false, "lambda_calibration_kl": 0.03, "lambda_calibration_rank": 0.08, "lambda_pair_balanced_topk": 0.0, "lambda_pair_topk_surrogate": 0.0, "lambda_relationness": 0.15, "lambda_relationness_rank": 0.0, "lambda_role_swap_rank": 0.0, "lambda_text_predicate_ce": 0.4, "lambda_triplet_rank": 0.0, "object_language_anchor": false, "object_language_anchor_alpha": 0.35, "object_language_anchor_source": "auto", "pair_balanced_neg_ratio": 4.0, "pair_balanced_topk_k": 96, "pair_balanced_topk_margin": 0.3, "pair_topk_surrogate_k": 96, "pair_topk_surrogate_margin": 0.1, "pure_phase": "core", "relation_context_layers": 0, "relationness_dropout": 0.0, "relationness_hidden_mult": 0.25, "relationness_num_layers": 1, "relationness_rank_margin": 0.25, "relationness_rank_topk": 32, "tail_logit_adjustment_tau": 0.0, "triplet_rank_class_weight_power": 0.0, "triplet_rank_margin": 0.2, "triplet_rank_scope": "all", "triplet_rank_topk": 64, "unfreeze_pair_decoder": false}, "target_phases": {"one_stage_facade": {"enabled": false, "evidence": "RelationalModel.forward_one_stage_facade standardizes detector proposals -> relation features.", "implemented": true}, "open_vocab_predicates": {"enabled": true, "evidence": "predicate_scores can use text predicate embeddings as primary or ensemble logits.", "implemented": true}, "retrieval_index": {"enabled": false, "evidence": "TripletRetrievalIndex stores predicted triplets and searches by text/query embeddings.", "implemented": true}, "sgcls_bridge": {"enabled": true, "evidence": "SGCls evaluation uses GT boxes with predicted or oracle object labels.", "implemented": true}, "sgdet_bridge": {"enabled": false, "evidence": "SGDet evaluation can use Grounding DINO proposals plus PURE predicate ranking.", "implemented": true}}, "weights": {"adaptive_calibration": true, "adaptive_prior": true, "adaptive_prior_gate_max": 1.0, "adaptive_prior_gate_min": 0.0, "bayes_calibration_weight": 0.0, "bias_residual": true, "fusion_gate_temperature": 0.7, "gate_regularizer_weight": 0.01, "lambda_calibration_kl": 0.03, "lambda_calibration_rank": 0.08, "lambda_counterfactual_in_spoa": 0.05, "lambda_dense_grounding": 0.25, "lambda_pair_topk_surrogate": 0.0, "lambda_predicate_ce": 1.2, "lambda_relationness": 0.15, "lambda_spoa_alignment": 0.75, "lambda_text_predicate_ce": 0.4, "logit_adj_tau": 0.0}}
[Data] Preparing VG150 loader, source=local-jsonl, requested_streaming=False, workers=4, root=datasets_vg150_clean, gpu_preset=l4_24gb
WARNING:root:VG150DataLoader(split=train): negative_pair_ratio=2.0 has NO EFFECT because use_all_pairs=False -- _build_relation_entries returns positive-only pairs before negative_pair_ratio is ever read. If you intend to train/evaluate with sampled negative pairs, set --use_all_pairs true. If positives-only is actually what you want, set --negative_pair_ratio 0 to make that explicit and silence this warning. See docs/known_issues.md.
WARNING:root:VG150DataLoader(split=train, source_mode=local-jsonl): use_rfs=True has NO EFFECT -- repeat-factor sampling is only implemented for the local-files backend (VG150LocalDataset), not local-jsonl. See docs/known_issues.md.
[Data] VG150 train loader source=local-jsonl, workers=4, prefetch=2, predicate_sampler=False
WARNING:root:VG150DataLoader(split=validation): negative_pair_ratio=-1.0 has NO EFFECT because use_all_pairs=False -- _build_relation_entries returns positive-only pairs before negative_pair_ratio is ever read. If you intend to train/evaluate with sampled negative pairs, set --use_all_pairs true. If positives-only is actually what you want, set --negative_pair_ratio 0 to make that explicit and silence this warning. See docs/known_issues.md.
[Data] VG150 val loader split=validation, source=local-jsonl, workers=2, prefetch=2
[Data] Predicate CE mode=focal, weight_power=0.50, top_freq=[('on', 228944), ('has', 92883), ('in', 74494), ('of', 45894), ('wearing', 39629), ('with', 20379), ('behind', 14050), ('holding', 12647)]
[Config] stage=3 objective=full spoa=True grounding=True eval_split=validation score_mode=ensemble gt_pairs=True lr=2.00e-05 batch=6 accum=4 queue_min=1024
[TextCache] Pre-computing variants for 51 predicates...
[TextCache] Generated 204 unique variant texts
[TextCache] Pre-computed 204 embeddings
[TextCache] Cache size: 0.6 MB
[Epoch 0] Text cache stats: {'main_cache_size': 408, 'lru_cache_size': 0, 'cache_size_mb': 1.1953125, 'lru_size_mb': 0.0}
ep=0 st=0 loss=6.144 spoa=4.570 ground=2.422 pred_ce=1.170 cal_kl=0.322 cal_rank=1.311 text_ce=1.224 relness=0.683 rel_rank=0.000 pair_topk=0.000 pair_bal=0.000 obj_bridge=0.000 tri_rank=0.000 role=0.000 [ratio=0.53, gate=0.50] | lr=1.00e-07
ep=0 st=25 loss=6.019 spoa=4.814 ground=2.661 pred_ce=0.957 cal_kl=0.283 cal_rank=0.826 text_ce=1.038 relness=0.701 rel_rank=0.000 pair_topk=0.000 pair_bal=0.000 obj_bridge=0.000 tri_rank=0.000 role=0.000 [ratio=0.55, gate=0.50] | lr=4.98e-07
ep=0 st=50 loss=6.061 spoa=5.269 ground=2.190 pred_ce=0.837 cal_kl=0.328 cal_rank=0.604 text_ce=0.991 relness=0.681 rel_rank=0.000 pair_topk=0.000 pair_bal=0.000 obj_bridge=0.000 tri_rank=0.000 role=0.000 [ratio=0.42, gate=0.50] | lr=8.96e-07
ep=0 st=75 loss=6.413 spoa=5.593 ground=2.035 pred_ce=0.929 cal_kl=0.298 cal_rank=0.630 text_ce=1.083 relness=0.689 rel_rank=0.000 pair_topk=0.000 pair_bal=0.000 obj_bridge=0.000 tri_rank=0.000 role=0.000 [ratio=0.36, gate=0.50] | lr=1.36e-06
ep=0 st=100 loss=6.709 spoa=5.874 ground=2.252 pred_ce=0.947 cal_kl=0.289 cal_rank=0.633 text_ce=1.111 relness=0.672 rel_rank=0.000 pair_topk=0.000 pair_bal=0.000 obj_bridge=0.000 tri_rank=0.000 role=0.000 [ratio=0.38, gate=0.50] | lr=1.76e-06
ep=0 st=125 loss=4.981 spoa=4.066 ground=2.416 pred_ce=0.702 cal_kl=0.258 cal_rank=0.356 text_ce=0.875 relness=0.660 rel_rank=0.000 pair_topk=0.000 pair_bal=0.000 obj_bridge=0.000 tri_rank=0.000 role=0.000 [ratio=0.59, gate=0.50] | lr=2.16e-06
ep=0 st=150 loss=6.598 spoa=5.095 ground=2.686 pred_ce=1.179 cal_kl=0.280 cal_rank=0.974 text_ce=1.275 relness=0.627 rel_rank=0.000 pair_topk=0.000 pair_bal=0.000 obj_bridge=0.000 tri_rank=0.000 role=0.000 [ratio=0.53, gate=0.50] | lr=2.55e-06
ep=0 st=175 loss=6.332 spoa=5.351 ground=2.405 pred_ce=0.939 cal_kl=0.245 cal_rank=0.586 text_ce=1.106 relness=0.625 rel_rank=0.000 pair_topk=0.000 pair_bal=0.000 obj_bridge=0.000 tri_rank=0.000 role=0.000 [ratio=0.45, gate=0.50] | lr=3.02e-06
ep=0 st=200 loss=6.394 spoa=5.549 ground=2.945 pred_ce=0.800 cal_kl=0.280 cal_rank=0.525 text_ce=0.995 relness=0.579 rel_rank=0.000 pair_topk=0.000 pair_bal=0.000 obj_bridge=0.000 tri_rank=0.000 role=0.000 [ratio=0.53, gate=0.50] | lr=3.42e-06
ep=0 st=225 loss=6.109 spoa=4.136 ground=2.460 pred_ce=1.388 cal_kl=0.251 cal_rank=0.877 text_ce=1.408 relness=0.567 rel_rank=0.000 pair_topk=0.000 pair_bal=0.000 obj_bridge=0.000 tri_rank=0.000 role=0.000 [ratio=0.59, gate=0.50] | lr=3.81e-06
ep=0 st=250 loss=6.036 spoa=4.590 ground=3.574 pred_ce=0.939 cal_kl=0.253 cal_rank=0.502 text_ce=1.117 relness=0.523 rel_rank=0.000 pair_topk=0.000 pair_bal=0.000 obj_bridge=0.000 tri_rank=0.000 role=0.000 [ratio=0.78, gate=0.50] | lr=4.21e-06
ep=0 st=275 loss=6.301 spoa=5.232 ground=2.486 pred_ce=0.967 cal_kl=0.233 cal_rank=0.689 text_ce=1.149 relness=0.491 rel_rank=0.000 pair_topk=0.000 pair_bal=0.000 obj_bridge=0.000 tri_rank=0.000 role=0.000 [ratio=0.48, gate=0.50] | lr=4.68e-06
ep=0 st=300 loss=6.746 spoa=5.594 ground=1.997 pred_ce=1.158 cal_kl=0.267 cal_rank=0.716 text_ce=1.319 relness=0.453 rel_rank=0.000 pair_topk=0.000 pair_bal=0.000 obj_bridge=0.000 tri_rank=0.000 role=0.000 [ratio=0.36, gate=0.50] | lr=5.08e-06
ep=0 st=325 loss=7.470 spoa=5.948 ground=2.934 pred_ce=1.308 cal_kl=0.258 cal_rank=0.953 text_ce=1.394 relness=0.429 rel_rank=0.000 pair_topk=0.000 pair_bal=0.000 obj_bridge=0.000 tri_rank=0.000 role=0.000 [ratio=0.49, gate=0.50] | lr=5.47e-06
ep=0 st=350 loss=5.322 spoa=4.253 ground=1.878 pred_ce=0.908 cal_kl=0.280 cal_rank=0.787 text_ce=1.098 relness=0.416 rel_rank=0.000 pair_topk=0.000 pair_bal=0.000 obj_bridge=0.000 tri_rank=0.000 role=0.000 [ratio=0.44, gate=0.50] | lr=5.87e-06
ep=0 st=375 loss=5.881 spoa=4.974 ground=2.698 pred_ce=0.795 cal_kl=0.282 cal_rank=0.640 text_ce=1.003 relness=0.405 rel_rank=0.000 pair_topk=0.000 pair_bal=0.000 obj_bridge=0.000 tri_rank=0.000 role=0.000 [ratio=0.54, gate=0.50] | lr=6.34e-06
ep=0 st=400 loss=6.070 spoa=5.357 ground=1.981 pred_ce=0.871 cal_kl=0.248 cal_rank=0.481 text_ce=1.029 relness=0.360 rel_rank=0.000 pair_topk=0.000 pair_bal=0.000 obj_bridge=0.000 tri_rank=0.000 role=0.000 [ratio=0.37, gate=0.50] | lr=6.73e-06
ep=0 st=425 loss=6.704 spoa=5.743 ground=3.093 pred_ce=0.910 cal_kl=0.239 cal_rank=0.601 text_ce=1.062 relness=0.349 rel_rank=0.000 pair_topk=0.000 pair_bal=0.000 obj_bridge=0.000 tri_rank=0.000 role=0.000 [ratio=0.54, gate=0.50] | lr=7.13e-06
ep=0 st=450 loss=6.817 spoa=5.882 ground=3.017 pred_ce=0.926 cal_kl=0.250 cal_rank=0.669 text_ce=1.073 relness=0.336 rel_rank=0.000 pair_topk=0.000 pair_bal=0.000 obj_bridge=0.000 tri_rank=0.000 role=0.000 [ratio=0.51, gate=0.50] | lr=7.53e-06
ep=0 st=475 loss=7.029 spoa=5.873 ground=2.072 pred_ce=1.220 cal_kl=0.235 cal_rank=0.828 text_ce=1.308 relness=0.308 rel_rank=0.000 pair_topk=0.000 pair_bal=0.000 obj_bridge=0.000 tri_rank=0.000 role=0.000 [ratio=0.35, gate=0.50] | lr=7.99e-06
ep=0 st=500 loss=6.962 spoa=5.911 ground=1.570 pred_ce=1.229 cal_kl=0.237 cal_rank=0.830 text_ce=1.366 relness=0.283 rel_rank=0.000 pair_topk=0.000 pair_bal=0.000 obj_bridge=0.000 tri_rank=0.000 role=0.000 [ratio=0.27, gate=0.50] | lr=8.39e-06
ep=0 st=525 loss=7.052 spoa=5.907 ground=2.829 pred_ce=1.091 cal_kl=0.282 cal_rank=0.794 text_ce=1.226 relness=0.284 rel_rank=0.000 pair_topk=0.000 pair_bal=0.000 obj_bridge=0.000 tri_rank=0.000 role=0.000 [ratio=0.48, gate=0.50] | lr=8.79e-06
ep=0 st=550 loss=6.880 spoa=5.784 ground=2.304 pred_ce=1.112 cal_kl=0.266 cal_rank=0.780 text_ce=1.294 relness=0.295 rel_rank=0.000 pair_topk=0.000 pair_bal=0.000 obj_bridge=0.000 tri_rank=0.000 role=0.000 [ratio=0.40, gate=0.50] | lr=9.19e-06
ep=0 st=575 loss=7.030 spoa=5.866 ground=3.025 pred_ce=1.075 cal_kl=0.241 cal_rank=0.625 text_ce=1.220 relness=0.262 rel_rank=0.000 pair_topk=0.000 pair_bal=0.000 obj_bridge=0.000 tri_rank=0.000 role=0.000 [ratio=0.52, gate=0.50] | lr=9.65e-06
ep=0 st=600 loss=6.811 spoa=5.797 ground=2.670 pred_ce=1.013 cal_kl=0.233 cal_rank=0.672 text_ce=1.201 relness=0.265 rel_rank=0.000 pair_topk=0.000 pair_bal=0.000 obj_bridge=0.000 tri_rank=0.000 role=0.000 [ratio=0.46, gate=0.50] | lr=1.01e-05
ep=0 st=625 loss=6.504 spoa=5.852 ground=2.354 pred_ce=0.850 cal_kl=0.226 cal_rank=0.673 text_ce=1.027 relness=0.239 rel_rank=0.000 pair_topk=0.000 pair_bal=0.000 obj_bridge=0.000 tri_rank=0.000 role=0.000 [ratio=0.40, gate=0.50] | lr=1.04e-05
ep=0 st=650 loss=6.846 spoa=5.849 ground=2.732 pred_ce=1.007 cal_kl=0.239 cal_rank=0.630 text_ce=1.190 relness=0.227 rel_rank=0.000 pair_topk=0.000 pair_bal=0.000 obj_bridge=0.000 tri_rank=0.000 role=0.000 [ratio=0.47, gate=0.50] | lr=1.08e-05
ep=0 st=675 loss=6.897 spoa=5.700 ground=3.272 pred_ce=1.021 cal_kl=0.281 cal_rank=0.585 text_ce=1.212 relness=0.256 rel_rank=0.000 pair_topk=0.000 pair_bal=0.000 obj_bridge=0.000 tri_rank=0.000 role=0.000 [ratio=0.57, gate=0.50] | lr=1.13e-05
ep=0 st=700 loss=6.836 spoa=5.723 ground=2.997 pred_ce=1.014 cal_kl=0.238 cal_rank=0.553 text_ce=1.232 relness=0.223 rel_rank=0.000 pair_topk=0.000 pair_bal=0.000 obj_bridge=0.000 tri_rank=0.000 role=0.000 [ratio=0.52, gate=0.50] | lr=1.17e-05
ep=0 st=725 loss=6.581 spoa=5.890 ground=1.362 pred_ce=1.034 cal_kl=0.223 cal_rank=0.773 text_ce=1.210 relness=0.204 rel_rank=0.000 pair_topk=0.000 pair_bal=0.000 obj_bridge=0.000 tri_rank=0.000 role=0.000 [ratio=0.23, gate=0.50] | lr=1.21e-05
ep=0 st=750 loss=6.989 spoa=5.949 ground=2.144 pred_ce=1.142 cal_kl=0.229 cal_rank=0.928 text_ce=1.275 relness=0.193 rel_rank=0.000 pair_topk=0.000 pair_bal=0.000 obj_bridge=0.000 tri_rank=0.000 role=0.000 [ratio=0.36, gate=0.50] | lr=1.25e-05
ep=0 st=775 loss=7.182 spoa=5.895 ground=2.311 pred_ce=1.273 cal_kl=0.221 cal_rank=0.816 text_ce=1.388 relness=0.191 rel_rank=0.000 pair_topk=0.000 pair_bal=0.000 obj_bridge=0.000 tri_rank=0.000 role=0.000 [ratio=0.39, gate=0.50] | lr=1.30e-05
ep=0 st=800 loss=7.267 spoa=5.790 ground=3.463 pred_ce=1.197 cal_kl=0.228 cal_rank=0.694 text_ce=1.332 relness=0.182 rel_rank=0.000 pair_topk=0.000 pair_bal=0.000 obj_bridge=0.000 tri_rank=0.000 role=0.000 [ratio=0.60, gate=0.50] | lr=1.34e-05
ep=0 st=825 loss=7.372 spoa=5.928 ground=3.148 pred_ce=1.250 cal_kl=0.200 cal_rank=0.808 text_ce=1.356 relness=0.172 rel_rank=0.000 pair_topk=0.000 pair_bal=0.000 obj_bridge=0.000 tri_rank=0.000 role=0.000 [ratio=0.53, gate=0.50] | lr=1.38e-05
ep=0 st=850 loss=7.213 spoa=5.772 ground=2.819 pred_ce=1.266 cal_kl=0.229 cal_rank=0.690 text_ce=1.428 relness=0.181 rel_rank=0.000 pair_topk=0.000 pair_bal=0.000 obj_bridge=0.000 tri_rank=0.000 role=0.000 [ratio=0.49, gate=0.50] | lr=1.42e-05
ep=0 st=875 loss=6.490 spoa=5.818 ground=1.780 pred_ce=0.952 cal_kl=0.225 cal_rank=0.675 text_ce=1.129 relness=0.179 rel_rank=0.000 pair_topk=0.000 pair_bal=0.000 obj_bridge=0.000 tri_rank=0.000 role=0.000 [ratio=0.31, gate=0.50] | lr=1.46e-05
ep=0 st=900 loss=6.659 spoa=5.820 ground=2.202 pred_ce=0.995 cal_kl=0.290 cal_rank=0.666 text_ce=1.152 relness=0.177 rel_rank=0.000 pair_topk=0.000 pair_bal=0.000 obj_bridge=0.000 tri_rank=0.000 role=0.000 [ratio=0.38, gate=0.50] | lr=1.50e-05
ep=0 st=925 loss=7.107 spoa=5.894 ground=2.977 pred_ce=1.114 cal_kl=0.253 cal_rank=0.795 text_ce=1.281 relness=0.143 rel_rank=0.000 pair_topk=0.000 pair_bal=0.000 obj_bridge=0.000 tri_rank=0.000 role=0.000 [ratio=0.51, gate=0.50] | lr=1.54e-05
ep=0 st=950 loss=6.867 spoa=6.024 ground=2.368 pred_ce=1.006 cal_kl=0.243 cal_rank=1.029 text_ce=1.097 relness=0.142 rel_rank=0.000 pair_topk=0.000 pair_bal=0.000 obj_bridge=0.000 tri_rank=0.000 role=0.000 [ratio=0.39, gate=0.50] | lr=1.58e-05
ep=0 st=975 loss=7.807 spoa=5.918 ground=2.557 pred_ce=1.632 cal_kl=0.233 cal_rank=0.978 text_ce=1.662 relness=0.143 rel_rank=0.000 pair_topk=0.000 pair_bal=0.000 obj_bridge=0.000 tri_rank=0.000 role=0.000 [ratio=0.43, gate=0.50] | lr=1.63e-05
ep=0 st=1000 loss=6.775 spoa=5.745 ground=3.407 pred_ce=0.914 cal_kl=0.199 cal_rank=0.681 text_ce=1.091 relness=0.143 rel_rank=0.000 pair_topk=0.000 pair_bal=0.000 obj_bridge=0.000 tri_rank=0.000 role=0.000 [ratio=0.59, gate=0.50] | lr=1.67e-05
ep=0 st=1025 loss=7.647 spoa=5.972 ground=3.180 pred_ce=1.402 cal_kl=0.193 cal_rank=0.873 text_ce=1.492 relness=0.115 rel_rank=0.000 pair_topk=0.000 pair_bal=0.000 obj_bridge=0.000 tri_rank=0.000 role=0.000 [ratio=0.53, gate=0.50] | lr=1.71e-05
ep=0 st=1050 loss=6.948 spoa=5.854 ground=3.193 pred_ce=1.002 cal_kl=0.239 cal_rank=0.747 text_ce=1.170 relness=0.145 rel_rank=0.000 pair_topk=0.000 pair_bal=0.000 obj_bridge=0.000 tri_rank=0.000 role=0.000 [ratio=0.55, gate=0.50] | lr=1.75e-05
ep=0 st=1075 loss=6.067 spoa=5.593 ground=2.732 pred_ce=0.641 cal_kl=0.245 cal_rank=0.491 text_ce=0.872 relness=0.161 rel_rank=0.000 pair_topk=0.000 pair_bal=0.000 obj_bridge=0.000 tri_rank=0.000 role=0.000 [ratio=0.49, gate=0.50] | lr=1.79e-05
ep=0 st=1100 loss=6.728 spoa=5.759 ground=2.812 pred_ce=0.982 cal_kl=0.238 cal_rank=0.622 text_ce=1.140 relness=0.098 rel_rank=0.000 pair_topk=0.000 pair_bal=0.000 obj_bridge=0.000 tri_rank=0.000 role=0.000 [ratio=0.49, gate=0.50] | lr=1.83e-05
ep=0 st=1125 loss=6.653 spoa=5.823 ground=1.660 pred_ce=1.075 cal_kl=0.252 cal_rank=0.706 text_ce=1.249 relness=0.117 rel_rank=0.000 pair_topk=0.000 pair_bal=0.000 obj_bridge=0.000 tri_rank=0.000 role=0.000 [ratio=0.29, gate=0.50] | lr=1.87e-05
ep=0 st=1150 loss=7.285 spoa=5.914 ground=3.225 pred_ce=1.191 cal_kl=0.233 cal_rank=0.827 text_ce=1.312 relness=0.103 rel_rank=0.000 pair_topk=0.000 pair_bal=0.000 obj_bridge=0.000 tri_rank=0.000 role=0.000 [ratio=0.55, gate=0.50] | lr=1.91e-05
ep=0 st=1175 loss=7.030 spoa=5.846 ground=2.928 pred_ce=1.095 cal_kl=0.246 cal_rank=0.703 text_ce=1.298 relness=0.112 rel_rank=0.000 pair_topk=0.000 pair_bal=0.000 obj_bridge=0.000 tri_rank=0.000 role=0.000 [ratio=0.50, gate=0.50] | lr=1.96e-05
ep=0 st=1200 loss=8.045 spoa=5.964 ground=2.904 pred_ce=1.684 cal_kl=0.263 cal_rank=1.209 text_ce=1.761 relness=0.106 rel_rank=0.000 pair_topk=0.000 pair_bal=0.000 obj_bridge=0.000 tri_rank=0.000 role=0.000 [ratio=0.49, gate=0.50] | lr=2.00e-05
ep=0 st=1225 loss=6.677 spoa=5.816 ground=1.448 pred_ce=1.112 cal_kl=0.233 cal_rank=1.195 text_ce=1.243 relness=0.123 rel_rank=0.000 pair_topk=0.000 pair_bal=0.000 obj_bridge=0.000 tri_rank=0.000 role=0.000 [ratio=0.25, gate=0.50] | lr=2.00e-05
ep=0 st=1250 loss=6.326 spoa=5.826 ground=2.913 pred_ce=0.693 cal_kl=0.177 cal_rank=0.406 text_ce=0.868 relness=0.080 rel_rank=0.000 pair_topk=0.000 pair_bal=0.000 obj_bridge=0.000 tri_rank=0.000 role=0.000 [ratio=0.50, gate=0.50] | lr=2.00e-05
ep=0 st=1275 loss=7.001 spoa=5.787 ground=1.540 pred_ce=1.334 cal_kl=0.211 cal_rank=0.774 text_ce=1.484 relness=0.082 rel_rank=0.000 pair_topk=0.000 pair_bal=0.000 obj_bridge=0.000 tri_rank=0.000 role=0.000 [ratio=0.27, gate=0.50] | lr=2.00e-05
ep=0 st=1300 loss=6.290 spoa=5.747 ground=1.328 pred_ce=0.943 cal_kl=0.224 cal_rank=0.594 text_ce=1.124 relness=0.079 rel_rank=0.000 pair_topk=0.000 pair_bal=0.000 obj_bridge=0.000 tri_rank=0.000 role=0.000 [ratio=0.23, gate=0.50] | lr=2.00e-05
ep=0 st=1325 loss=6.527 spoa=5.712 ground=3.331 pred_ce=0.793 cal_kl=0.239 cal_rank=0.538 text_ce=0.991 relness=0.086 rel_rank=0.000 pair_topk=0.000 pair_bal=0.000 obj_bridge=0.000 tri_rank=0.000 role=0.000 [ratio=0.58, gate=0.50] | lr=2.00e-05
ep=0 st=1350 loss=7.633 spoa=6.056 ground=3.211 pred_ce=1.351 cal_kl=0.217 cal_rank=1.219 text_ce=1.376 relness=0.078 rel_rank=0.000 pair_topk=0.000 pair_bal=0.000 obj_bridge=0.000 tri_rank=0.000 role=0.000 [ratio=0.53, gate=0.50] | lr=2.00e-05
ep=0 st=1375 loss=7.050 spoa=5.860 ground=2.460 pred_ce=1.194 cal_kl=0.235 cal_rank=0.749 text_ce=1.319 relness=0.085 rel_rank=0.000 pair_topk=0.000 pair_bal=0.000 obj_bridge=0.000 tri_rank=0.000 role=0.000 [ratio=0.42, gate=0.50] | lr=1.99e-05
ep=0 st=1400 loss=6.284 spoa=5.818 ground=2.434 pred_ce=0.749 cal_kl=0.188 cal_rank=0.475 text_ce=0.900 relness=0.063 rel_rank=0.000 pair_topk=0.000 pair_bal=0.000 obj_bridge=0.000 tri_rank=0.000 role=0.000 [ratio=0.42, gate=0.50] | lr=1.99e-05
ep=0 st=1425 loss=7.290 spoa=5.806 ground=3.747 pred_ce=1.169 cal_kl=0.209 cal_rank=0.640 text_ce=1.319 relness=0.067 rel_rank=0.000 pair_topk=0.000 pair_bal=0.000 obj_bridge=0.000 tri_rank=0.000 role=0.000 [ratio=0.65, gate=0.50] | lr=1.99e-05
ep=0 st=1450 loss=6.654 spoa=5.972 ground=1.108 pred_ce=1.086 cal_kl=0.232 cal_rank=1.119 text_ce=1.222 relness=0.066 rel_rank=0.000 pair_topk=0.000 pair_bal=0.000 obj_bridge=0.000 tri_rank=0.000 role=0.000 [ratio=0.19, gate=0.50] | lr=1.99e-05
ep=0 st=1475 loss=6.575 spoa=5.935 ground=2.645 pred_ce=0.829 cal_kl=0.232 cal_rank=0.764 text_ce=0.974 relness=0.061 rel_rank=0.000 pair_topk=0.000 pair_bal=0.000 obj_bridge=0.000 tri_rank=0.000 role=0.000 [ratio=0.45, gate=0.50] | lr=1.98e-05
ep=0 st=1500 loss=6.907 spoa=5.884 ground=1.480 pred_ce=1.240 cal_kl=0.239 cal_rank=0.880 text_ce=1.378 relness=0.051 rel_rank=0.000 pair_topk=0.000 pair_bal=0.000 obj_bridge=0.000 tri_rank=0.000 role=0.000 [ratio=0.25, gate=0.50] | lr=1.98e-05
ep=0 st=1525 loss=6.326 spoa=5.793 ground=2.838 pred_ce=0.715 cal_kl=0.203 cal_rank=0.481 text_ce=0.904 relness=0.049 rel_rank=0.000 pair_topk=0.000 pair_bal=0.000 obj_bridge=0.000 tri_rank=0.000 role=0.000 [ratio=0.49, gate=0.50] | lr=1.98e-05
ep=0 st=1550 loss=7.213 spoa=5.902 ground=3.247 pred_ce=1.158 cal_kl=0.205 cal_rank=0.820 text_ce=1.266 relness=0.050 rel_rank=0.000 pair_topk=0.000 pair_bal=0.000 obj_bridge=0.000 tri_rank=0.000 role=0.000 [ratio=0.55, gate=0.50] | lr=1.97e-05
ep=0 st=1575 loss=7.313 spoa=5.997 ground=2.623 pred_ce=1.276 cal_kl=0.251 cal_rank=0.872 text_ce=1.358 relness=0.047 rel_rank=0.000 pair_topk=0.000 pair_bal=0.000 obj_bridge=0.000 tri_rank=0.000 role=0.000 [ratio=0.44, gate=0.50] | lr=1.97e-05
ep=0 st=1600 loss=6.672 spoa=5.876 ground=2.533 pred_ce=0.941 cal_kl=0.223 cal_rank=0.768 text_ce=1.069 relness=0.046 rel_rank=0.000 pair_topk=0.000 pair_bal=0.000 obj_bridge=0.000 tri_rank=0.000 role=0.000 [ratio=0.43, gate=0.50] | lr=1.97e-05
ep=0 st=1625 loss=6.828 spoa=5.890 ground=2.634 pred_ce=1.022 cal_kl=0.209 cal_rank=0.728 text_ce=1.139 relness=0.042 rel_rank=0.000 pair_topk=0.000 pair_bal=0.000 obj_bridge=0.000 tri_rank=0.000 role=0.000 [ratio=0.45, gate=0.50] | lr=1.96e-05
ep=0 st=1650 loss=7.345 spoa=5.748 ground=2.210 pred_ce=1.463 cal_kl=0.259 cal_rank=0.907 text_ce=1.589 relness=0.063 rel_rank=0.000 pair_topk=0.000 pair_bal=0.000 obj_bridge=0.000 tri_rank=0.000 role=0.000 [ratio=0.38, gate=0.50] | lr=1.96e-05
ep=0 st=1675 loss=7.460 spoa=5.714 ground=2.757 pred_ce=1.460 cal_kl=0.214 cal_rank=0.990 text_ce=1.602 relness=0.047 rel_rank=0.000 pair_topk=0.000 pair_bal=0.000 obj_bridge=0.000 tri_rank=0.000 role=0.000 [ratio=0.48, gate=0.50] | lr=1.95e-05
ep=0 st=1700 loss=6.540 spoa=5.745 ground=2.932 pred_ce=0.864 cal_kl=0.218 cal_rank=0.414 text_ce=1.036 relness=0.046 rel_rank=0.000 pair_topk=0.000 pair_bal=0.000 obj_bridge=0.000 tri_rank=0.000 role=0.000 [ratio=0.51, gate=0.50] | lr=1.95e-05
ep=0 st=1725 loss=6.802 spoa=5.888 ground=3.229 pred_ce=0.905 cal_kl=0.221 cal_rank=0.709 text_ce=1.057 relness=0.044 rel_rank=0.000 pair_topk=0.000 pair_bal=0.000 obj_bridge=0.000 tri_rank=0.000 role=0.000 [ratio=0.55, gate=0.50] | lr=1.94e-05
ep=0 st=1750 loss=7.268 spoa=6.029 ground=3.199 pred_ce=1.144 cal_kl=0.210 cal_rank=0.854 text_ce=1.238 relness=0.030 rel_rank=0.000 pair_topk=0.000 pair_bal=0.000 obj_bridge=0.000 tri_rank=0.000 role=0.000 [ratio=0.53, gate=0.50] | lr=1.94e-05
ep=0 st=1775 loss=6.920 spoa=5.848 ground=2.728 pred_ce=1.080 cal_kl=0.273 cal_rank=0.736 text_ce=1.209 relness=0.034 rel_rank=0.000 pair_topk=0.000 pair_bal=0.000 obj_bridge=0.000 tri_rank=0.000 role=0.000 [ratio=0.47, gate=0.50] | lr=1.93e-05
ep=0 st=1800 loss=6.795 spoa=5.918 ground=3.767 pred_ce=0.803 cal_kl=0.235 cal_rank=0.542 text_ce=0.988 relness=0.038 rel_rank=0.000 pair_topk=0.000 pair_bal=0.000 obj_bridge=0.000 tri_rank=0.000 role=0.000 [ratio=0.64, gate=0.50] | lr=1.93e-05
ep=0 st=1825 loss=6.873 spoa=5.888 ground=3.041 pred_ce=0.980 cal_kl=0.256 cal_rank=0.685 text_ce=1.135 relness=0.035 rel_rank=0.000 pair_topk=0.000 pair_bal=0.000 obj_bridge=0.000 tri_rank=0.000 role=0.000 [ratio=0.52, gate=0.50] | lr=1.92e-05
ep=0 st=1850 loss=6.771 spoa=5.885 ground=2.148 pred_ce=1.054 cal_kl=0.218 cal_rank=0.805 text_ce=1.199 relness=0.033 rel_rank=0.000 pair_topk=0.000 pair_bal=0.000 obj_bridge=0.000 tri_rank=0.000 role=0.000 [ratio=0.37, gate=0.50] | lr=1.91e-05
ep=0 st=1875 loss=6.656 spoa=5.884 ground=3.536 pred_ce=0.779 cal_kl=0.233 cal_rank=0.490 text_ce=0.933 relness=0.030 rel_rank=0.000 pair_topk=0.000 pair_bal=0.000 obj_bridge=0.000 tri_rank=0.000 role=0.000 [ratio=0.60, gate=0.50] | lr=1.91e-05
ep=0 st=1900 loss=6.562 spoa=5.829 ground=1.220 pred_ce=1.089 cal_kl=0.254 cal_rank=0.776 text_ce=1.259 relness=0.034 rel_rank=0.000 pair_topk=0.000 pair_bal=0.000 obj_bridge=0.000 tri_rank=0.000 role=0.000 [ratio=0.21, gate=0.50] | lr=1.90e-05
ep=0 st=1925 loss=6.856 spoa=5.778 ground=2.964 pred_ce=1.032 cal_kl=0.232 cal_rank=0.601 text_ce=1.210 relness=0.026 rel_rank=0.000 pair_topk=0.000 pair_bal=0.000 obj_bridge=0.000 tri_rank=0.000 role=0.000 [ratio=0.51, gate=0.50] | lr=1.89e-05
ep=0 st=1950 loss=7.219 spoa=5.811 ground=3.159 pred_ce=1.206 cal_kl=0.252 cal_rank=0.811 text_ce=1.367 relness=0.030 rel_rank=0.000 pair_topk=0.000 pair_bal=0.000 obj_bridge=0.000 tri_rank=0.000 role=0.000 [ratio=0.54, gate=0.50] | lr=1.88e-05
ep=0 st=1975 loss=6.662 spoa=5.831 ground=3.028 pred_ce=0.877 cal_kl=0.273 cal_rank=0.673 text_ce=1.032 relness=0.028 rel_rank=0.000 pair_topk=0.000 pair_bal=0.000 obj_bridge=0.000 tri_rank=0.000 role=0.000 [ratio=0.52, gate=0.50] | lr=1.88e-05
[System] Saved lightweight checkpoint to runs/R1_fixed_geometry_C1a_20261007T021152Z/checkpoint.pt
Traceback (most recent call last):
  File "/usr/lib/python3.10/runpy.py", line 196, in _run_module_as_main
    return _run_code(code, main_globals, None,
  File "/usr/lib/python3.10/runpy.py", line 86, in _run_code
    exec(code, run_globals)
  File "/mnt/research-work/legacy/leanhkhoa150204/Research-No.1/openvocab_rel/train.py", line 2943, in <module>
    main()
  File "/mnt/research-work/legacy/leanhkhoa150204/Research-No.1/openvocab_rel/train.py", line 2854, in main
    _run_core_evals(
  File "/mnt/research-work/legacy/leanhkhoa150204/Research-No.1/openvocab_rel/train.py", line 1119, in _run_core_evals
    metrics_dump["val_sgg"] = eval_sgg_standard(
  File "/usr/local/lib/python3.10/dist-packages/torch/utils/_contextlib.py", line 120, in decorate_context
    return func(*args, **kwargs)
  File "/mnt/research-work/legacy/leanhkhoa150204/Research-No.1/openvocab_rel/evals.py", line 2229, in eval_sgg_standard
    obj_label_cands, obj_score_cands = _predict_object_label_candidates_from_clip(cfg, clip_model, processor, ex, obj_text_feats, obj_vocab, device)
  File "/usr/local/lib/python3.10/dist-packages/torch/utils/_contextlib.py", line 120, in decorate_context
    return func(*args, **kwargs)
  File "/mnt/research-work/legacy/leanhkhoa150204/Research-No.1/openvocab_rel/evals.py", line 410, in _predict_object_label_candidates_from_clip
    logit_scale = cm.logit_scale.exp().item() if hasattr(cm, "logit_scale") else 100.0
KeyboardInterrupt
